// Jest Snapshot v1, https://goo.gl/fbAQLP

exports[`<ProductDescription /> should match the snapshot with description 1`] = `
<DocumentFragment>
  <div
    class="productDescriptionContainer"
  >
    <h2
      class="productDescriptionTitle t-heading-5 mb5 mt0"
    >
      Product description
    </h2>
    <div
      class="productDescriptionText c-muted-1"
    >
      <div
        class="container relative"
        style="transition: 600ms ease-in-out; height: auto; overflow: hidden; display: block;"
      >
        <div
          class="content h-auto"
        >
          <div
            style="display: contents;"
          >
            Test description
          </div>
        </div>
        <div
          class="pointerEventsNone dn absolute bottom-0 w-100 h-100 flex-column justify-end"
        >
          <div
            class="fadeBottom w-100 h-50"
            style="transition: 400ms ease-in-out;"
          />
          <div
            class="pointerEventsAuto bg-base tc w-100"
          >
            <button
              class="showMoreButton c-action-primary t-action pointer ma5 bn outline-0"
            >
              Show more
            </button>
          </div>
        </div>
      </div>
    </div>
  </div>
</DocumentFragment>
`;
