// Jest Snapshot v1, https://goo.gl/fbAQLP

exports[`<SearchBar /> should match snapshot 1`] = `
<DocumentFragment>
  <div
    class="w-100 mw7 pv4 searchBarContainer"
  >
    <div
      class="NoSSR-mock"
    >
      <div
        aria-expanded="false"
        aria-haspopup="listbox"
        aria-labelledby="downshift-1-label"
        class="relative-m w-100 searchBarInnerContainer"
        role="combobox"
      >
        <div
          class="autoCompleteOuterContainer"
        >
          <div
            class="w-100 flex"
          >
            <label>
              <input
                aria-autocomplete="list"
                aria-labelledby="downshift-1-label"
                autocomplete="off"
                data-error="false"
                id="downshift-1-input"
                placeholder="Search"
                value=""
              />
              <div
                class="suffixWrapper flex h-100"
              >
                <button
                  aria-label="Search Products"
                  class=" searchBarIcon searchBarIcon--search flex items-center pointer bn bg-transparent outline-0 pv0 pl0 pr3"
                >
                  <div
                    class="extension-point-icon-search"
                  />
                </button>
              </div>
            </label>
          </div>
        </div>
        <div />
        <div>
          <div
            class="extension-point-autocomplete-result-list"
          />
        </div>
      </div>
    </div>
  </div>
</DocumentFragment>
`;
